// Jest Snapshot v1, https://goo.gl/fbAQLP

exports[`<Loading /> should render loading 1`] = `
.c0 {
  height: 4.5rem;
  width: 4.5rem;
}

.c1 {
  display: -webkit-box;
  display: -webkit-flex;
  display: -ms-flexbox;
  display: flex;
  -webkit-align-items: center;
  -webkit-box-align: center;
  -ms-flex-align: center;
  align-items: center;
  -webkit-box-pack: center;
  -webkit-justify-content: center;
  -ms-flex-pack: center;
  justify-content: center;
  position: relative;
  border-radius: 50%;
  border: #F231A5 0.5rem solid;
  width: 100%;
  height: 100%;
  -webkit-animation: bhnNqB 1s linear infinite;
  animation: bhnNqB 1s linear infinite;
}

.c1::before {
  content: '';
  position: absolute;
  background-color: #06092B;
  top: -0.7rem;
  border-radius: 50%;
  -webkit-animation: iDRrLr 3s infinite reverse backwards;
  animation: iDRrLr 3s infinite reverse backwards;
}

<div
  class="c0"
>
  <div
    class="c1"
    color="primary"
  />
</div>
`;
